src/components/shared/Layouts.tsx(1,1): error TS6133: 'React' is declared but its value is never read.
src/components/shared/Layouts.tsx(3,84): error TS6133: 'Search' is declared but its value is never read.
src/pages/admin/WorkerManagement.tsx(1,36): error TS6133: 'ShieldAlert' is declared but its value is never read.
