
> frontend@0.0.0 build
> tsc -b && vite build

src/components/Layout.tsx(8,11): error TS2339: Property 'user' does not exist on type 'AuthState'.
src/pages/Dashboard.tsx(1,8): error TS6133: 'React' is declared but its value is never read.
src/pages/Login.tsx(4,17): error TS6133: 'Mail' is declared but its value is never read.
src/pages/Onboarding.tsx(29,11): error TS2339: Property 'updateConsent' does not exist on type 'AuthState'.
src/pages/Settings.tsx(17,11): error TS2339: Property 'user' does not exist on type 'AuthState'.
src/pages/Settings.tsx(17,17): error TS2339: Property 'updateUpi' does not exist on type 'AuthState'.
src/pages/Settings.tsx(17,28): error TS2339: Property 'updateConsent' does not exist on type 'AuthState'.
src/stores/authStore.ts(3,1): error TS6133: 'UserProfile' is declared but its value is never read.
